Microchip MPLAB XC8 Compiler V2.40

Linker command line:

-W-3 \
  --edf=C:\Program Files\Microchip\xc8\v2.40\pic\dat\20220703182018_en.msgs \
  -cn -h+dist/default/debug\Final.X.debug.sym \
  --cmf=dist/default/debug\Final.X.debug.cmf -z -Q18F4520 \
  -oC:\Users\i5-VivoB\AppData\Local\Temp\xcAsod0.4 --defsym=__MPLAB_BUILD=1 \
  --fixupoverflow=error -Mdist/default/debug/Final.X.debug.map \
  --md=C:\Users\i5-VivoB\AppData\Local\Temp\xcAsod0.dat -E1 \
  -ver=XC8 Compiler --acfsm=1493 -ACODE=00h-07DBFh -ACONST=00h-07DBFh \
  -ASMALLCONST=0600h-06FFhx119,07D00h-07DBFh -AMEDIUMCONST=0600h-07DBFh \
  -ACOMRAM=01h-07Fh -AABS1=00h-05F3h -ABIGRAM=01h-05F3h \
  -ARAM=080h-0FFh,0100h-01FFhx4,0500h-05F3h -ABANK0=080h-0FFh \
  -ABANK1=0100h-01FFh -ABANK2=0200h-02FFh -ABANK3=0300h-03FFh \
  -ABANK4=0400h-04FFh -ABANK5=0500h-05F3h \
  -ASFR=0F80h-0F9Bh,0F9Dh-0FD3h,0FD5h-0FDAh,0FE0h-0FE2h,0FE8h-0FEAh,0FF0h-0FFCh \
  -ABIGSFR=0F80h-0F9Bh,0F9Dh-0FD3h,0FD5h-0FDAh,0FE0h-0FE2h,0FE8h-0FEAh,0FF0h-0FFCh \
  -ACONFIG=0300000h-030000Dh -AIDLOC=0200000h-0200007h \
  -AEEDATA=0F00000h-0F000FFh -peeprom_data=EEDATA \
  -preset_vec=00h,intcode,intcodelo,powerup,init -pramtop=0600h \
  -psmallconst=SMALLCONST -pmediumconst=MEDIUMCONST -pconst=CONST \
  -AFARRAM=00h-00h \
  -prdata=COMRAM,nvrram=COMRAM,nvbit=COMRAM,rbss=COMRAM,rbit=COMRAM \
  -pfarbss=FARRAM,fardata=FARRAM,nvFARRAM=FARRAM \
  -pintsave_regs=BIGRAM,bigbss=BIGRAM,bigdata=BIGRAM -pbss=RAM \
  -pidata=CODE,irdata=CODE,ibigdata=CODE,ifardata=CODE -prparam=COMRAM \
  C:\Users\i5-VivoB\AppData\Local\Temp\xcAsod0.o \
  dist/default/debug\Final.X.debug.o 

Object code version is 3.11

Machine type is 18F4520



                Name                               Link     Load   Length Selector   Space Scale
C:\Users\i5-VivoB\AppData\Local\Temp\xcAsod0.o
                idloc                            200000   200000        8        0       5
                config                           300000   300000        E        0       4
                init                                  0        0        4        0       0
dist/default/debug\Final.X.debug.o
                idloc                            200000   200000        8        0       5
                config                           300000   300000        E        0       4
                smallconst                          600      600       10      300       0
                text27                             2D70     2D70        E      308       0
                text26                             2190     2190      1B4      308       0
                text25                             2D28     2D28       26      308       0
                text24                             2CFC     2CFC       2C      308       0
                text23                             2BFA     2BFA       46      308       0
                text22                             2344     2344      14A      308       0
                text21                             18CC     18CC      39A      308       0
                text20                             293A     293A       AA      308       0
                text19                             2594     2594      104      308       0
                text18                             14A2     14A2      42A      308       0
                text17                             2CC4     2CC4       38      308       0
                text16                              FE2      FE2      4C0      308       0
                text15                             2BB4     2BB4       46      308       0
                text14                             248E     248E      106      308       0
                text13                             2698     2698       FE      308       0
                text12                             1F7E     1F7E      212      308       0
                text11                             2A5E     2A5E       66      308       0
                text10                             2B16     2B16       50      308       0
                text9                              2D7E     2D7E        2      308       0
                text8                              2870     2870       CA      308       0
                text7                              2C40     2C40       44      308       0
                text6                              29E4     29E4       7A      308       0
                text5                              2C84     2C84       40      308       0
                text4                               610      610      9D2      308       0
                text3                              1C66     1C66      318      308       0
                text2                              2B66     2B66       4E      308       0
                text1                              2AC4     2AC4       52      308       0
                text0                              2796     2796       DA      308       0
                cstackCOMRAM                          1        1       7F        1       1
                cstackBANK0                          80       80       50       80       1
                bssBANK1                            100      100       50      100       1
                bssBANK0                             D0       D0        D       80       1
                cinit                              2D4E     2D4E       22      308       0

TOTAL           Name                               Link     Load   Length     Space
        CLASS   CODE           
                init                                  0        0        4         0
                text27                             2D70     2D70        E         0
                text26                             2190     2190      1B4         0
                text25                             2D28     2D28       26         0
                text24                             2CFC     2CFC       2C         0
                text23                             2BFA     2BFA       46         0
                text22                             2344     2344      14A         0
                text21                             18CC     18CC      39A         0
                text20                             293A     293A       AA         0
                text19                             2594     2594      104         0
                text18                             14A2     14A2      42A         0
                text17                             2CC4     2CC4       38         0
                text16                              FE2      FE2      4C0         0
                text15                             2BB4     2BB4       46         0
                text14                             248E     248E      106         0
                text13                             2698     2698       FE         0
                text12                             1F7E     1F7E      212         0
                text11                             2A5E     2A5E       66         0
                text10                             2B16     2B16       50         0
                text9                              2D7E     2D7E        2         0
                text8                              2870     2870       CA         0
                text7                              2C40     2C40       44         0
                text6                              29E4     29E4       7A         0
                text5                              2C84     2C84       40         0
                text4                               610      610      9D2         0
                text3                              1C66     1C66      318         0
                text2                              2B66     2B66       4E         0
                text1                              2AC4     2AC4       52         0
                text0                              2796     2796       DA         0
                cinit                              2D4E     2D4E       22         0

        CLASS   CONST          

        CLASS   SMALLCONST     
                smallconst                          600      600       10         0

        CLASS   MEDIUMCONST    

        CLASS   COMRAM         
                cstackCOMRAM                          1        1       7F         1

        CLASS   ABS1           

        CLASS   BIGRAM         

        CLASS   RAM            

        CLASS   BANK0          
                cstackBANK0                          80       80       50         1
                bssBANK0                             D0       D0        D         1

        CLASS   BANK1          
                bssBANK1                            100      100       50         1

        CLASS   BANK2          

        CLASS   BANK3          

        CLASS   BANK4          

        CLASS   BANK5          

        CLASS   SFR            

        CLASS   BIGSFR         

        CLASS   CONFIG         
                config                           300000   300000        E         4

        CLASS   IDLOC          
                idloc                            200000   200000        8         5

        CLASS   EEDATA         

        CLASS   FARRAM         

        CLASS   HEAP           

        CLASS   STACK          



SEGMENTS        Name                           Load    Length   Top    Selector   Space  Class

                reset_vec                      000000  000004  000004         0       0  CODE    
                cstackCOMRAM                   000001  00007F  000080         1       1  COMRAM  
                cstackBANK0                    000080  00005D  0000DD        80       1  BANK0   
                bssBANK1                       000100  000050  000150       100       1  BANK1   
                smallconst                     000600  000010  000610       300       0  SMALLCON
                text4                          000610  002770  002D80       308       0  CODE    


UNUSED ADDRESS RANGES

        Name                Unused          Largest block    Delta
        BANK0            0000DD-0000FF               23
        BANK1            000150-0001FF               B0
        BANK2            000200-0002FF              100
        BANK3            000300-0003FF              100
        BANK4            000400-0004FF              100
        BANK5            000500-0005F3               F4
        BIGRAM           0000DD-0000FF               23
                         000150-0005F3              4A4
        BIGSFR           000F80-000F9B               1C
                         000F9D-000FD3               37
                         000FD5-000FDA                6
                         000FE0-000FE2                3
                         000FE8-000FEA                3
                         000FF0-000FFC                D
        CODE             000004-0005FF              5FC
                         002D80-007DBF             5040
        CONST            000004-0005FF              5FC
                         002D80-007DBF             5040
        EEDATA           F00000-F000FF              100
        MEDIUMCONST      002D80-007DBF             5040
        RAM              0000DD-0000FF               23
                         000150-0005F3              100
        SFR              000F80-000F9B               1C
                         000F9D-000FD3               37
                         000FD5-000FDA                6
                         000FE0-000FE2                3
                         000FE8-000FEA                3
                         000FF0-000FFC                D
        SMALLCONST       002D80-007DBF              100

                                  Symbol Table

?___fladd                   cstackCOMRAM 000001
?___fldiv                   cstackCOMRAM 00000F
?___flmul                   cstackCOMRAM 000001
?___flneg                   cstackCOMRAM 000001
?___flsub                   cstackCOMRAM 00001A
?___fltol                   cstackCOMRAM 000001
?___fpclassifyf             cstackCOMRAM 000001
?___wmul                    cstackCOMRAM 000001
?___xxtofl                  cstackCOMRAM 000001
?_atoi                      cstackCOMRAM 000007
?_floorf                    cstackCOMRAM 000028
?_isdigit                   cstackCOMRAM 000001
?_isspace                   cstackCOMRAM 000001
?_labs                      cstackCOMRAM 000001
?_sprintf                   cstackBANK0  00008D
?_vfprintf                  cstackCOMRAM 00007A
_INTCON2bits                (abs)        000FF1
_LATA                       (abs)        000F89
_LATD0                      (abs)        007C60
_OSCCON                     (abs)        000FD3
_PORTBbits                  (abs)        000F81
_T1CON                      (abs)        000FCD
_TMR1                       (abs)        000FCE
_TMR1IF                     (abs)        007CF0
_TMR1ON                     (abs)        007E68
_TRISD                      (abs)        000F95
_Trigger_Pulse_10us         text27       002D70
__HRAM                      (abs)        000000
__Habs1                     abs1         000000
__Hbank0                    bank0        000000
__Hbank1                    bank1        000000
__Hbank2                    bank2        000000
__Hbank3                    bank3        000000
__Hbank4                    bank4        000000
__Hbank5                    bank5        000000
__Hbigbss                   bigbss       000000
__Hbigdata                  bigdata      000000
__Hbigram                   bigram       000000
__Hbigsfr                   bigsfr       000000
__Hbss                      bss          000000
__HbssBANK0                 bssBANK0     000000
__HbssBANK1                 bssBANK1     000000
__Hcinit                    cinit        000000
__Hclrtext                  clrtext      000000
__Hcomram                   comram       000000
__Hconfig                   config       30000E
__Hconst                    const        000000
__HcstackBANK0              cstackBANK0  000000
__HcstackCOMRAM             cstackCOMRAM 000000
__Hdata                     data         000000
__Heeprom_data              eeprom_data  000000
__Hfarbss                   farbss       000000
__Hfardata                  fardata      000000
__Hheap                     heap         000000
__Hibigdata                 ibigdata     000000
__Hidata                    idata        000000
__Hidloc                    idloc        200008
__Hifardata                 ifardata     000000
__Hinit                     init         000004
__Hintcode                  intcode      000000
__Hintcode_body             intcode_body 000000
__Hintcodelo                intcodelo    000000
__Hintentry                 intentry     000000
__Hintret                   intret       000000
__Hintsave_regs             intsave_regs 000000
__Hirdata                   irdata       000000
__Hmediumconst              mediumconst  000000
__HnvFARRAM                 nvFARRAM     000000
__Hnvbit                    nvbit        000000
__Hnvrram                   nvrram       000000
__Hparam                    rparam       000000
__Hpowerup                  powerup      000000
__Hram                      ram          000000
__Hramtop                   ramtop       000600
__Hrbit                     rbit         000000
__Hrbss                     rbss         000000
__Hrdata                    rdata        000000
__Hreset_vec                reset_vec    000000
__Hrparam                   rparam       000000
__Hsfr                      sfr          000000
__Hsmallconst               smallconst   000610
__Hspace_0                  (abs)        002D80
__Hspace_1                  (abs)        000150
__Hspace_2                  (abs)        000000
__Hspace_4                  (abs)        60000E
__Hstack                    stack        000000
__Hstruct                   struct       000000
__Htemp                     temp         000000
__Htext                     text         000000
__Htext0                    text0        000000
__Htext1                    text1        000000
__Htext10                   text10       000000
__Htext11                   text11       000000
__Htext12                   text12       000000
__Htext13                   text13       000000
__Htext14                   text14       000000
__Htext15                   text15       000000
__Htext16                   text16       000000
__Htext17                   text17       000000
__Htext18                   text18       000000
__Htext19                   text19       000000
__Htext2                    text2        000000
__Htext20                   text20       000000
__Htext21                   text21       000000
__Htext22                   text22       000000
__Htext23                   text23       000000
__Htext24                   text24       000000
__Htext25                   text25       000000
__Htext26                   text26       000000
__Htext27                   text27       000000
__Htext3                    text3        000000
__Htext4                    text4        000000
__Htext5                    text5        000000
__Htext6                    text6        000000
__Htext7                    text7        000000
__Htext8                    text8        000000
__Htext9                    text9        000000
__LRAM                      (abs)        000001
__Labs1                     abs1         000000
__Lbank0                    bank0        000000
__Lbank1                    bank1        000000
__Lbank2                    bank2        000000
__Lbank3                    bank3        000000
__Lbank4                    bank4        000000
__Lbank5                    bank5        000000
__Lbigbss                   bigbss       000000
__Lbigdata                  bigdata      000000
__Lbigram                   bigram       000000
__Lbigsfr                   bigsfr       000000
__Lbss                      bss          000000
__LbssBANK0                 bssBANK0     000000
__LbssBANK1                 bssBANK1     000000
__Lcinit                    cinit        000000
__Lclrtext                  clrtext      000000
__Lcomram                   comram       000000
__Lconfig                   config       000000
__Lconst                    const        000000
__LcstackBANK0              cstackBANK0  000000
__LcstackCOMRAM             cstackCOMRAM 000000
__Ldata                     data         000000
__Leeprom_data              eeprom_data  000000
__Lfarbss                   farbss       000000
__Lfardata                  fardata      000000
__Lheap                     heap         000000
__Libigdata                 ibigdata     000000
__Lidata                    idata        000000
__Lidloc                    idloc        000000
__Lifardata                 ifardata     000000
__Linit                     init         000000
__Lintcode                  intcode      000000
__Lintcode_body             intcode_body 000000
__Lintcodelo                intcodelo    000000
__Lintentry                 intentry     000000
__Lintret                   intret       000000
__Lintsave_regs             intsave_regs 000000
__Lirdata                   irdata       000000
__Lmediumconst              mediumconst  000000
__LnvFARRAM                 nvFARRAM     000000
__Lnvbit                    nvbit        000000
__Lnvrram                   nvrram       000000
__Lparam                    rparam       000000
__Lpowerup                  powerup      000000
__Lram                      ram          000000
__Lramtop                   ramtop       000600
__Lrbit                     rbit         000000
__Lrbss                     rbss         000000
__Lrdata                    rdata        000000
__Lreset_vec                reset_vec    000000
__Lrparam                   rparam       000000
__Lsfr                      sfr          000000
__Lsmallconst               smallconst   000600
__Lspace_0                  (abs)        000000
__Lspace_1                  (abs)        000000
__Lspace_2                  (abs)        000000
__Lspace_4                  (abs)        000000
__Lstack                    stack        000000
__Lstruct                   struct       000000
__Ltemp                     temp         000000
__Ltext                     text         000000
__Ltext0                    text0        000000
__Ltext1                    text1        000000
__Ltext10                   text10       000000
__Ltext11                   text11       000000
__Ltext12                   text12       000000
__Ltext13                   text13       000000
__Ltext14                   text14       000000
__Ltext15                   text15       000000
__Ltext16                   text16       000000
__Ltext17                   text17       000000
__Ltext18                   text18       000000
__Ltext19                   text19       000000
__Ltext2                    text2        000000
__Ltext20                   text20       000000
__Ltext21                   text21       000000
__Ltext22                   text22       000000
__Ltext23                   text23       000000
__Ltext24                   text24       000000
__Ltext25                   text25       000000
__Ltext26                   text26       000000
__Ltext27                   text27       000000
__Ltext3                    text3        000000
__Ltext4                    text4        000000
__Ltext5                    text5        000000
__Ltext6                    text6        000000
__Ltext7                    text7        000000
__Ltext8                    text8        000000
__Ltext9                    text9        000000
__S0                        (abs)        002D80
__S1                        (abs)        000150
__S4                        (abs)        000000
__S5                        (abs)        000000
___fladd                    text16       000FE2
___fladd@a                  cstackCOMRAM 000005
___fladd@aexp               cstackCOMRAM 00000E
___fladd@b                  cstackCOMRAM 000001
___fladd@bexp               cstackCOMRAM 00000F
___fladd@grs                cstackCOMRAM 000010
___fladd@signs              cstackCOMRAM 00000D
___fldiv                    text21       0018CC
___fldiv@a                  cstackCOMRAM 000013
___fldiv@aexp               cstackCOMRAM 000027
___fldiv@b                  cstackCOMRAM 00000F
___fldiv@bexp               cstackCOMRAM 000026
___fldiv@grs                cstackCOMRAM 000022
___fldiv@new_exp            cstackCOMRAM 000020
___fldiv@rem                cstackCOMRAM 00001B
___fldiv@sign               cstackCOMRAM 00001F
___fleq                     text20       00293A
___fleq@ff1                 cstackCOMRAM 000001
___fleq@ff2                 cstackCOMRAM 000005
___flge                     text19       002594
___flge@ff1                 cstackCOMRAM 00001A
___flge@ff2                 cstackCOMRAM 00001E
___flmul                    text18       0014A2
___flmul@a                  cstackCOMRAM 000005
___flmul@aexp               cstackCOMRAM 000012
___flmul@b                  cstackCOMRAM 000001
___flmul@bexp               cstackCOMRAM 000013
___flmul@grs                cstackCOMRAM 00000E
___flmul@prod               cstackCOMRAM 000014
___flmul@sign               cstackCOMRAM 00000D
___flmul@temp               cstackCOMRAM 000018
___flneg                    text17       002CC4
___flneg@f1                 cstackCOMRAM 000001
___flsub                    text15       002BB4
___flsub@a                  cstackCOMRAM 00001E
___flsub@b                  cstackCOMRAM 00001A
___fltol                    text14       00248E
___fltol@exp1               cstackCOMRAM 00000A
___fltol@f1                 cstackCOMRAM 000001
___fltol@sign1              cstackCOMRAM 000009
___fpclassifyf              text13       002698
___fpclassifyf@F465         bssBANK0     0000D4
___fpclassifyf@e            cstackCOMRAM 000009
___fpclassifyf@u            cstackCOMRAM 00000B
___fpclassifyf@x            cstackCOMRAM 000001
___heap_hi                  (abs)        000000
___heap_lo                  (abs)        000000
___inthi_sp                 stack        000000
___intlo_sp                 stack        000000
___param_bank               (abs)        000000
___rparam_used              (abs)        000001
___sp                       stack        000000
___wmul                     text25       002D28
___wmul@multiplicand        cstackCOMRAM 000003
___wmul@multiplier          cstackCOMRAM 000001
___wmul@product             cstackCOMRAM 000005
___xxtofl                   text26       002190
___xxtofl@arg               cstackCOMRAM 00000B
___xxtofl@exp               cstackCOMRAM 00000A
___xxtofl@sign              cstackCOMRAM 000009
___xxtofl@val               cstackCOMRAM 000001
__accesstop                 (abs)        000080
__activetblptr              (abs)        000002
__end_of_Trigger_Pulse_10us text27       002D7E
__end_of___fladd            text16       0014A2
__end_of___fldiv            text21       001C66
__end_of___fleq             text20       0029E4
__end_of___flge             text19       002698
__end_of___flmul            text18       0018CC
__end_of___flneg            text17       002CFC
__end_of___flsub            text15       002BFA
__end_of___fltol            text14       002594
__end_of___fpclassifyf      text13       002796
__end_of___wmul             text25       002D4E
__end_of___xxtofl           text26       002344
__end_of__initialization    cinit        002D66
__end_of_atoi               text22       00248E
__end_of_efgtoa             text4        000FE2
__end_of_floorf             text12       002190
__end_of_fputc              text8        00293A
__end_of_fputs              text7        002C84
__end_of_isdigit            text24       002D28
__end_of_isspace            text23       002C40
__end_of_labs               text11       002AC4
__end_of_main               text0        002870
__end_of_memcpy             text10       002B66
__end_of_pad                text6        002A5E
__end_of_putch              text9        002D80
__end_of_sprintf            text1        002B16
__end_of_strcpy             text5        002CC4
__end_of_vfpfcnvrt          text3        001F7E
__end_of_vfprintf           text2        002BB4
__initialization            cinit        002D4E
__mediumconst               mediumconst  000000
__pbssBANK0                 bssBANK0     0000D0
__pbssBANK1                 bssBANK1     000100
__pcinit                    cinit        002D4E
__pcstackBANK0              cstackBANK0  000080
__pcstackCOMRAM             cstackCOMRAM 000001
__psmallconst               smallconst   000600
__ptext0                    text0        002796
__ptext1                    text1        002AC4
__ptext10                   text10       002B16
__ptext11                   text11       002A5E
__ptext12                   text12       001F7E
__ptext13                   text13       002698
__ptext14                   text14       00248E
__ptext15                   text15       002BB4
__ptext16                   text16       000FE2
__ptext17                   text17       002CC4
__ptext18                   text18       0014A2
__ptext19                   text19       002594
__ptext2                    text2        002B66
__ptext20                   text20       00293A
__ptext21                   text21       0018CC
__ptext22                   text22       002344
__ptext23                   text23       002BFA
__ptext24                   text24       002CFC
__ptext25                   text25       002D28
__ptext26                   text26       002190
__ptext27                   text27       002D70
__ptext3                    text3        001C66
__ptext4                    text4        000610
__ptext5                    text5        002C84
__ptext6                    text6        0029E4
__ptext7                    text7        002C40
__ptext8                    text8        002870
__ptext9                    text9        002D7E
__ramtop                    ramtop       000600
__smallconst                smallconst   000600
_atoi                       text22       002344
_dbuf                       bssBANK1     000100
_efgtoa                     text4        000610
_efgtoa$749                 cstackCOMRAM 00004B
_flags                      bssBANK0     0000DC
_floorf                     text12       001F7E
_fputc                      text8        002870
_fputs                      text7        002C40
_isdigit                    text24       002CFC
_isspace                    text23       002BFA
_isspace$827                cstackCOMRAM 000005
_labs                       text11       002A5E
_main                       text0        002796
_memcpy                     text10       002B16
_pad                        text6        0029E4
_prec                       bssBANK0     0000DA
_putch                      text9        002D7E
_sprintf                    text1        002AC4
_strcpy                     text5        002C84
_vfpfcnvrt                  text3        001C66
_vfprintf                   text2        002B66
_width                      bssBANK0     0000D8
atoi@n                      cstackCOMRAM 00000E
atoi@neg                    cstackCOMRAM 00000C
atoi@s                      cstackCOMRAM 000007
efgtoa@c                    cstackCOMRAM 000042
efgtoa@d                    cstackCOMRAM 000050
efgtoa@e                    cstackCOMRAM 000054
efgtoa@f                    cstackCOMRAM 00003E
efgtoa@fp                   cstackCOMRAM 00003C
efgtoa@g                    cstackCOMRAM 000069
efgtoa@h                    cstackCOMRAM 00005E
efgtoa@i                    cstackCOMRAM 00005C
efgtoa@l                    cstackCOMRAM 000062
efgtoa@m                    cstackCOMRAM 000052
efgtoa@mode                 cstackCOMRAM 00004E
efgtoa@n                    cstackCOMRAM 000067
efgtoa@ne                   cstackCOMRAM 000045
efgtoa@nmode                cstackCOMRAM 00004F
efgtoa@ou                   cstackCOMRAM 000058
efgtoa@p                    cstackCOMRAM 000047
efgtoa@pp                   cstackCOMRAM 00004D
efgtoa@sign                 cstackCOMRAM 000066
efgtoa@t                    cstackCOMRAM 000049
efgtoa@u                    cstackCOMRAM 00006D
efgtoa@w                    cstackCOMRAM 000056
end_of_initialization       cinit        002D66
floorf@F526                 bssBANK0     0000D0
floorf@e                    cstackCOMRAM 000036
floorf@m                    cstackCOMRAM 000032
floorf@u                    cstackCOMRAM 000038
floorf@x                    cstackCOMRAM 000028
fputc@c                     cstackCOMRAM 000001
fputc@fp                    cstackCOMRAM 000003
fputs@c                     cstackCOMRAM 00000E
fputs@fp                    cstackCOMRAM 00000C
fputs@i                     cstackCOMRAM 00000F
fputs@s                     cstackCOMRAM 00000A
intlevel0                   text         000000
intlevel1                   text         000000
intlevel2                   text         000000
intlevel3                   text         000000
isa$std                     (abs)        000001
isa$xinst                   (abs)        000000
isdigit@c                   cstackCOMRAM 000001
isspace@c                   cstackCOMRAM 000001
labs@a                      cstackCOMRAM 000001
main@Distance               cstackBANK0  0000CA
main@Time                   cstackBANK0  0000CE
main@Total_distance         cstackBANK0  0000A2
memcpy@d                    cstackCOMRAM 000007
memcpy@d1                   cstackCOMRAM 000001
memcpy@n                    cstackCOMRAM 000005
memcpy@s                    cstackCOMRAM 000009
memcpy@s1                   cstackCOMRAM 000003
memcpy@tmp                  cstackCOMRAM 00000B
pad@buf                     cstackCOMRAM 000013
pad@fp                      cstackCOMRAM 000011
pad@i                       cstackCOMRAM 000018
pad@p                       cstackCOMRAM 000015
pad@w                       cstackCOMRAM 00001A
sprintf@ap                  cstackBANK0  000095
sprintf@f                   cstackBANK0  000097
sprintf@fmt                 cstackBANK0  00008F
sprintf@s                   cstackBANK0  00008D
stackhi                     (abs)        000000
stacklo                     (abs)        000000
start                       init         000000
start_initialization        cinit        002D4E
strcpy@d                    cstackCOMRAM 000007
strcpy@dest                 cstackCOMRAM 000001
strcpy@s                    cstackCOMRAM 000005
strcpy@src                  cstackCOMRAM 000003
vfpfcnvrt@ap                cstackCOMRAM 000075
vfpfcnvrt@c                 cstackBANK0  000088
vfpfcnvrt@convarg           cstackBANK0  000080
vfpfcnvrt@cp                cstackBANK0  000089
vfpfcnvrt@fmt               cstackCOMRAM 000073
vfpfcnvrt@fp                cstackCOMRAM 000071
vfprintf@ap                 cstackCOMRAM 00007E
vfprintf@cfmt               cstackBANK0  00008B
vfprintf@fmt                cstackCOMRAM 00007C
vfprintf@fp                 cstackCOMRAM 00007A


MODULE INFORMATION

Module		Function		Class		Link	Load	Size
C:\Program Files\Microchip\xc8\v2.40\pic\sources\c99\common\sprcmul.c
		___flmul       		CODE           	14A2	0000	1066

C:\Program Files\Microchip\xc8\v2.40\pic\sources\c99\common\sprcmul.c estimated size: 1066

C:\Program Files\Microchip\xc8\v2.40\pic\sources\c99\common\nf_fputc.c
		_fputc         		CODE           	2870	0000	202

C:\Program Files\Microchip\xc8\v2.40\pic\sources\c99\common\nf_fputc.c estimated size: 202

C:\Program Files\Microchip\xc8\v2.40\pic\sources\c99\common\sprcdiv.c
		___fldiv       		CODE           	18CC	0000	922

C:\Program Files\Microchip\xc8\v2.40\pic\sources\c99\common\sprcdiv.c estimated size: 922

C:\Program Files\Microchip\xc8\v2.40\pic\sources\c99\common\nf_sprintf.c
		_sprintf       		CODE           	2AC4	0000	82

C:\Program Files\Microchip\xc8\v2.40\pic\sources\c99\common\nf_sprintf.c estimated size: 82

C:\Program Files\Microchip\xc8\v2.40\pic\sources\c99\common\memcpy.c
		_memcpy        		CODE           	2B16	0000	80

C:\Program Files\Microchip\xc8\v2.40\pic\sources\c99\common\memcpy.c estimated size: 80

C:\Program Files\Microchip\xc8\v2.40\pic\sources\c99\common\fltol.c
		___fltol       		CODE           	248E	0000	262

C:\Program Files\Microchip\xc8\v2.40\pic\sources\c99\common\fltol.c estimated size: 262

C:\Program Files\Microchip\xc8\v2.40\pic\sources\c99\common\isspace.c
		_isspace       		CODE           	2BFA	0000	70

C:\Program Files\Microchip\xc8\v2.40\pic\sources\c99\common\isspace.c estimated size: 70

C:\Program Files\Microchip\xc8\v2.40\pic\sources\c99\common\atoi.c
		_atoi          		CODE           	2344	0000	330

C:\Program Files\Microchip\xc8\v2.40\pic\sources\c99\common\atoi.c estimated size: 330

C:\Program Files\Microchip\xc8\v2.40\pic\sources\c99\common\Umul16.c
		___wmul        		CODE           	2D28	0000	38

C:\Program Files\Microchip\xc8\v2.40\pic\sources\c99\common\Umul16.c estimated size: 38

C:\Program Files\Microchip\xc8\v2.40\pic\sources\c99\common\fleq.c
		___fleq        		CODE           	293A	0000	170

C:\Program Files\Microchip\xc8\v2.40\pic\sources\c99\common\fleq.c estimated size: 170

C:\Program Files\Microchip\xc8\v2.40\pic\sources\c99\common\__fpclassifyf.c
		___fpclassifyf 		CODE           	2698	0000	254

C:\Program Files\Microchip\xc8\v2.40\pic\sources\c99\common\__fpclassifyf.c estimated size: 254

C:\Program Files\Microchip\xc8\v2.40\pic\sources\c99\common\isdigit.c
		_isdigit       		CODE           	2CFC	0000	44

C:\Program Files\Microchip\xc8\v2.40\pic\sources\c99\common\isdigit.c estimated size: 44

C:\Program Files\Microchip\xc8\v2.40\pic\sources\c99\common\sprcadd.c
		___flsub       		CODE           	2BB4	0000	70
		___fladd       		CODE           	0FE2	0000	1216

C:\Program Files\Microchip\xc8\v2.40\pic\sources\c99\common\sprcadd.c estimated size: 1286

C:\Program Files\Microchip\xc8\v2.40\pic\sources\c99\common\floorf.c
		_floorf        		CODE           	1F7E	0000	530

C:\Program Files\Microchip\xc8\v2.40\pic\sources\c99\common\floorf.c estimated size: 530

C:\Program Files\Microchip\xc8\v2.40\pic\sources\c99\common\flneg.c
		___flneg       		CODE           	2CC4	0000	56

C:\Program Files\Microchip\xc8\v2.40\pic\sources\c99\common\flneg.c estimated size: 56

lcddemo.c
		_Trigger_Pulse_10us		CODE           	2D70	0000	14
		_main          		CODE           	2796	0000	218

lcddemo.c estimated size: 232

C:\Program Files\Microchip\xc8\v2.40\pic\sources\c99\common\labs.c
		_labs          		CODE           	2A5E	0000	102

C:\Program Files\Microchip\xc8\v2.40\pic\sources\c99\common\labs.c estimated size: 102

C:\Program Files\Microchip\xc8\v2.40\pic\sources\c99\common\xxtofl.c
		___xxtofl      		CODE           	2190	0000	436

C:\Program Files\Microchip\xc8\v2.40\pic\sources\c99\common\xxtofl.c estimated size: 436

C:\Program Files\Microchip\xc8\v2.40\pic\sources\c99\common\nf_fputs.c
		_fputs         		CODE           	2C40	0000	68

C:\Program Files\Microchip\xc8\v2.40\pic\sources\c99\common\nf_fputs.c estimated size: 68

shared
		__initialization		CODE           	2D4E	0000	24

shared estimated size: 24

C:\Program Files\Microchip\xc8\v2.40\pic\sources\c99\common\strcpy.c
		_strcpy        		CODE           	2C84	0000	64

C:\Program Files\Microchip\xc8\v2.40\pic\sources\c99\common\strcpy.c estimated size: 64

C:\Program Files\Microchip\xc8\v2.40\pic\sources\c99\common\flge.c
		___flge        		CODE           	2594	0000	260

C:\Program Files\Microchip\xc8\v2.40\pic\sources\c99\common\flge.c estimated size: 260

C:\Program Files\Microchip\xc8\v2.40\pic\sources\c99\common\putch.c
		_putch         		CODE           	2D7E	0000	2

C:\Program Files\Microchip\xc8\v2.40\pic\sources\c99\common\putch.c estimated size: 2

C:\Program Files\Microchip\xc8\v2.40\pic\sources\c99\common\doprnt.c
		_vfpfcnvrt     		CODE           	1C66	0000	792
		_efgtoa        		CODE           	0610	0000	2514
		_pad           		CODE           	29E4	0000	122
		_vfprintf      		CODE           	2B66	0000	78

C:\Program Files\Microchip\xc8\v2.40\pic\sources\c99\common\doprnt.c estimated size: 3506

